// Jest Snapshot v1, https://goo.gl/fbAQLP

exports[`Message should parse raw message 1`] = `
Object {
  "extra": Object {
    "role": "sdk automation",
  },
  "level": "Error",
  "message": "the tool failed",
  "time": "2012-04-23T18:25:43.511Z",
  "type": "Raw",
}
`;

exports[`Message should parse result message 1`] = `
Object {
  "code": "InvalidVerbUsed",
  "docUrl": "https://github.com/Azure/azure-rest-api-specs/blob/master/documentation/openapi-authoring-automated-guidelines.md#r2044",
  "extra": Object {
    "otherDetails": Object {
      "test": "hello",
    },
    "readmeUrl": "http://readme.example.url",
  },
  "id": "R2044",
  "level": "Info",
  "message": "Each operation definition must have a HTTP verb and it must be DELETE/GET/PUT/PATCH/HEAD/OPTIONS/POST/TRACE.",
  "paths": Array [
    Object {
      "path": "specification/databox/resource-manager/Microsoft.DataBox/stable/2019-09-01/databox.json:123:12",
      "tag": "swagger",
    },
    Object {
      "path": "specification/databox/resource-manager/Microsoft.DataBox/stable/2019-09-01/databox.json:126:13",
      "tag": "example",
    },
  ],
  "time": "2012-04-23T18:25:43.511Z",
  "type": "Result",
}
`;
